// Jest Snapshot v1, https://goo.gl/fbAQLP

exports[`Button is correctly loaded 1`] = `
<button>
  1
</button>
`;
